[www.tatapower.com/index.html]
[www.tatapower.com/js/track-outbound.js]
[backblue.gif]
[fade.gif]
[index.html]
[www.tatapower.com/images/favicon.ico]
[www.tatapower.com/css/style.css]
[www.tatapower.com/css/fullpage.css]
[www.tatapower.com/css/home-main.css]
[www.tatapower.com/css/animate.min.css]
[www.tatapower.com/css/slick.css]
[www.tatapower.com/css/colorbox-popup.css]
[www.tatapower.com/css/jquery.mCustomScrollbar.css]
[www.tatapower.com/css/nav.css]
[www.tatapower.com/css/tatapower-home.css]
[www.tatapower.com/css/dark-mode.css]
[www.tatapower.com/images/search.png]
[www.tatapower.com/Error.html]
[www.tatapower.com/images/logo.png]
[www.tatapower.com/corporate/overview.html]
[www.tatapower.com/corporate/leadership.html]
[www.tatapower.com/corporate/vision-mission-values.html]
[www.tatapower.com/corporate/policies.html]
[www.tatapower.com/corporate/history.html]
[www.tatapower.com/corporate/constitutional-document.html]
[www.tatapower.com/pdf/aboutus/Tata-Code-of-Conduct.pdf]
[www.tatapower.com/corporate/worldwide.html]
[www.tatapower.com/corporate/subsidiaries.html]
[www.tatapower.com/corporate/awards.html]
[www.tatapower.com/images/manu-images1.jpg]
[www.tatapower.com/businesses/overview.html]
[www.tatapower.com/businesses/renewables.html]
[www.tatapower.com/businesses/wind.html]
[www.tatapower.com/businesses/solar.html]
[www.tatapower.com/businesses/conventional-generation.html]
[www.tatapower.com/businesses/hydro.html]
[www.tatapower.com/businesses/conventional-generation/thermal.html]
[www.tatapower.com/businesses/waste-heat-recovery.html]
[www.tatapower.com/businesses/next-gen-power-solutions.html]
[www.tatapower.com/energy-solutions/ev-charging-solutions.html]
[www.tatapower.com/businesses/trading.html]
[www.tatapower.com/ezhome/index.html]
[www.tatapower.com/energy-solutions/value-added-services.html]
[www.tatapower.com/businesses/generation-services.html]
[www.tatapower.com/businesses/product-and-services.html]
[www.tatapower.com/images/menu-business.jpg]
[www.tatapower.com/images/menu-energy solution.jpg]
[www.tatapower.com/regulatory/regulatory-mumbai.html]
[www.tatapower.com/regulatory/regulatory-maithon.html]
[www.tatapower.com/regulatory/regulatory-jojobera.html]
[www.tatapower.com/images/menu-regulatory.jpg]
[www.tatapower.com/investor-relations/fact-sheet.html]
[www.tatapower.com/investor-relations/our-esg-philosophy.html]
[www.tatapower.com/investor-relations/share-price-information.html]
[www.tatapower.com/investor-relations/financial-information.html]
[www.tatapower.com/investor-relations/business-responsibility-report-archive.html]
[www.tatapower.com/investor-relations/credit-rating-revision.html]
[www.tatapower.com/investor-relations/investor-downloads.html]
[www.tatapower.com/investor-relations/corporate-governance.html]
[www.tatapower.com/investor-relations/stock-exchange-compliances.html]
[www.tatapower.com/investor-relations/general-meetings.html]
[www.tatapower.com/investor-relations/media-press-releases.html]
[www.tatapower.com/investor-relations/scheme-of-arrangement.html]
[www.tatapower.com/investor-relations/investor-information.html]
[www.tatapower.com/investor-relations/unclaimed-dividends.html]
[www.tatapower.com/investor-relations/faq.html]
[www.tatapower.com/investor-relations/email-subscription.html]
[www.tatapower.com/investor-relations/investor-contacts.html]
[www.tatapower.com/images/menu-inv.jpg]
[www.tatapower.com/Tender/tenderlist.html]
[www.tatapower.com/sustainability/sustainability-tata-power.html]
[www.tatapower.com/sustainability/overview.html]
[www.tatapower.com/pdf/sustainability/tp-climate-commitment.pdf]
[www.tatapower.com/sustainability/UNSDG-alignment.html]
[www.tatapower.com/pdf/sustainability/sdg-compendium.pdf]
[www.tatapower.com/pdf/report-on-sdgroadmap.pdf]
[www.tatapower.com/sustainability/sustainability-initiatives.html]
[www.tatapower.com/sustainability/sustainability-initiatives/club_enerji.html]
[www.tatapower.com/green-community/index.html]
[www.tatapower.com/sustainability/sustainability-initiatives/partnership.html]
[www.tatapower.com/sustainability/sustainability-initiatives/customers.html]
[www.tatapower.com/sustainability/sustainability-initiatives/customer/demand-side-management.html]
[www.tatapower.com/sustainability/policies-and-charters.html]
[www.tatapower.com/sustainability/disclosures/iirc-alignment.html]
[www.tatapower.com/sustainability/capitals.html]
[www.tatapower.com/investor-relations/tata-power/financial-capital.html]
[www.tatapower.com/investor-relations/tata-power/manufactured-capital.html]
[www.tatapower.com/investor-relations/tata-power/natural-capital.html]
[www.tatapower.com/sustainability/natural-capital/environment-initiatives.html]
[www.tatapower.com/sustainability/natural-capital/compliance.html]
[www.tatapower.com/sustainability/natural-capital/biodiversity/act-for-mahseer.html]
[www.tatapower.com/sustainability/natural-capital/biodiversity/conservation-and-afforestation.html]
[www.tatapower.com/sustainability/natural-capital/biodiversity/biodiversity-blog.html]
[www.tatapower.com/investor-relations/tata-power/human-capital.html]
[www.tatapower.com/sustainability/human-capital/safety.html]
[www.tatapower.com/sustainability/human-capital/safety/safety-documents.html]
[www.tatapower.com/investor-relations/tata-power/intellectual-capital.html]
[www.tatapower.com/blog.html]
[www.tatapower.com/investor-relations/tata-power/social-and-relationship-capital.html]
[www.tatapower.com/sustainability/csr/overview.html]
[www.tatapower.com/sustainability/social-capital/thrust-areas.html]
[www.tatapower.com/sustainability/social-capital/thrust-areas/education.html]
[www.tatapower.com/sustainability/social-capital/thrust-areas/livelihood-and-employability.html]
[www.tatapower.com/sustainability/social-capital/thrust-areas/entrepreneurship.html]
[www.tatapower.com/anokha-dhaaga/index.html]
[www.tatapower.com/sustainability/social-capital/affirmative-action.html]
[www.tatapower.com/sustainability/social-capital/pay-autention.html]
[www.tatapower.com/corporate/Tata-Power-Covid19/index.html]
[www.tatapower.com/sustainability/social-capital/volunteering.html]
[www.tatapower.com/sustainability/social-capital/reports-and-publications.html]
[www.tatapower.com/media/images-gallery.html]
[www.tatapower.com/careers/life-tata-power.html]
[www.tatapower.com/careers/campus-recruitments.html]
[www.tatapower.com/careers/learning-and-development.html]
[www.tatapower.com/careers/diversity_inclusion.html]
[www.tatapower.com/careers/fresher.html]
[www.tatapower.com/careers/experience.html]
[www.tatapower.com/pdf/career/important-notice.pdf]
[www.tatapower.com/images/menu-career.jpg]
[www.tatapower.com/media/media-releasesedcd.html]
[www.tatapower.com/media/media-reports.html]
[www.tatapower.com/pdf/corporate-profile.pdf]
[www.tatapower.com/media/campaigns.html]
[www.tatapower.com/media/downloads.html]
[www.tatapower.com/media/downloads/ringtones.html]
[www.tatapower.com/media/downloads/brochures.html]
[www.tatapower.com/media/downloads/business-apps.html]
[www.tatapower.com/contact/media-contact.html]
[www.tatapower.com/images/menu-media.jpg]
[www.tatapower.com/contact/registered-office.html]
[s7.addthis.com/js/300/addthis_widget.js]
[www.tatapower.com/images/new/solaroof-logo.png]
[www.tatapower.com/images/new/ez-logo.png]
[www.tatapower.com/images/new/ez-home-logo.png]
[www.tatapower.com/PressRelease/Report_media-10jul22_563a45c07d.pdf]
[www.tatapower.com/PressRelease/Report_media-6jun22_3407f8f8d2.pdf]
[www.tatapower.com/PressRelease/Report_media-03jun22-ft_0095d7fa65.pdf]
[www.tatapower.com/PressRelease/Report_press-02-06-2022_5ef94b0f9a.pdf]
[www.tatapower.com/images/new/bg1.png]
[www.tatapower.com/images/new/bg2.png]
[www.tatapower.com/images/new/solaroof.png]
[www.tatapower.com/images/new/ez-charge.png]
[www.tatapower.com/images/new/ez-home.png]
[www.tatapower.com/images/new/esg.png]
[www.tatapower.com/pdf/investor-relations/103Annual-Report-2021-22.pdf]
[www.tatapower.com/images/new/sustainability.png]
[www.tatapower.com/investor-relations/tata-power-2021/index.html]
[www.tatapower.com/investor-relations/annual-reports-subsidiaries.html]
[www.tatapower.com/investor-relations/annual-return.html]
[www.tatapower.com/event/investor-calendar.html]
[www.tatapower.com/images/new/service1.jpg]
[www.tatapower.com/images/new/tpsdi-logo.jpg]
[www.tatapower.com/images/new/service2.jpg]
[www.tatapower.com/images/new/club-logo.jpg]
[www.tatapower.com/images/new/service3.jpg]
[www.tatapower.com/images/new/dhaaga-logo.jpg]
[www.tatapower.com/images/new/service4.jpg]
[www.tatapower.com/images/new/mahseeri-logo.jpg]
[www.tatapower.com/images/new/life-tata-power-img1.jpg]
[www.tatapower.com/images/new/life-tata-power-img2.jpg]
[www.tatapower.com/images/new/life-tata-power-img3.jpg]
[www.tatapower.com/careers/know-us.html]
[www.tatapower.com/blog/leaders-speak/india-needs-to-spearhead-solutions-to-deal-with-end-of-life-photovoltaic-modules.html]
[www.tatapower.com/blog/our-initiatives/50-years-of-swimming-with-the-tiger.html]
[www.tatapower.com/blog/Green Talk/tata-powers-commitment-to-sustainable-development-goals-remain-unwavering-amid-pandemic.html]
[www.tatapower.com/blog/Green Talk/dsm-programs-of-tata-power-mumbai.html]
[www.tatapower.com/images/new/news-ing.jpg]
[www.tatapower.com/media/PressReleaseDetails/1956/tata-power-solar-commissions-indias-largest-floating-solar-power-project-of-101-6mwp-in-kerala-backwaters.html]
[www.tatapower.com/media/PressReleaseDetails/1955/tata-power-installs-150-clean-energy-powered-ev-charging-stations-across-mumbai.html]
[www.tatapower.com/media/PressReleaseDetails/1954/tata-power-prepares-to-ensure-the-safety-of-customers-during-monsoon.html]
[www.tatapower.com/media/PressReleaseDetails/1953/tata-power-solar-commissions-a-landmark-epc-project-of-450mwdc-for-brookfield-renewable-india-in-rajasthan.html]
[www.tatapower.com/sitemap.html]
[www.tatapower.com/disclaimer.html]
[www.tatapower.com/privacy-policy.html]
[www.tatapower.com/images/new/group-img5.jpg]
[www.tatapower.com/images/new/group-img7.jpg]
[www.tatapower.com/images/new/group-img1.jpg]
[www.tatapower.com/images/new/group-img3.jpg]
[www.tatapower.com/images/new/group-img6.jpg]
[www.tatapower.com/images/new/group-img11.jpg]
[www.tatapower.com/images/new/group-img2.jpg]
[www.tatapower.com/images/new/group-img12.jpg]
[www.tatapower.com/images/new/group-img4.jpg]
[www.tatapower.com/images/new/group-img10.jpg]
[www.tatapower.com/images/new/group-img9.jpg]
[www.tatapower.com/images/new/add.png]
[www.tatapower.com/images/new/less.png]
[www.tatapower.com/sustainability/sustainability-initiatives/customer/calculate-carbon-footprints.html]
[www.tatapower.com/js/jquery.min.js]
[www.tatapower.com/js/fullpage-home.js]
[www.tatapower.com/js/slick.js]
[www.tatapower.com/js/jquery.colorbox-min.js]
[www.tatapower.com/js/home-main.js]
[www.tatapower.com/js/jquery.mCustomScrollbar.concat.min.js]
[www.tatapower.com/js/tatapower.js]
[www.tatapower.com/index.html]
[www.tatapower.com/js/main.min.js]
[www.googletagmanager.com/gtm5445.html]
[www.tatapower.com/images/new/footer-bg.jpg]
[www.tatapower.com/images/new/select-ic2.png]
[www.tatapower.com/images/new/follow-icon.png]
[www.tatapower.com/images/sm4.png]
[www.tatapower.com/images/footer-copyright-bg.jpg]
[www.tatapower.com/images/all-india.png]
[www.tatapower.com/images/youtube-inv.png]
[www.tatapower.com/images/pdf-icon-red.png]
[www.tatapower.com/images/nav-trigger.gif]
[www.tatapower.com/images/plus.png]
[www.tatapower.com/images/sitemap-arrow.png]
[www.tatapower.com/images/mobile-potrait-info-img.jpg]
[www.tatapower.com/css/style.css]
[www.tatapower.com/css/fullpage.css]
[www.tatapower.com/images/topBg.gif]
[www.tatapower.com/images/sec1BG1.png]
[www.tatapower.com/images/sec1BG2.png]
[www.tatapower.com/images/new/section3-bg.jpg]
[www.tatapower.com/images/social_feedsbg.jpg]
[www.tatapower.com/images/arrow_dwn.png]
[www.tatapower.com/images/arrow.png]
[www.tatapower.com/images/customer_ic.png]
[www.tatapower.com/images/arrow_yellowa.png]
[www.tatapower.com/images/arrow5.png]
[www.tatapower.com/images/line.png]
[www.tatapower.com/images/icon1.png]
[www.tatapower.com/images/icon2.png]
[www.tatapower.com/images/icon3.png]
[www.tatapower.com/images/icon4.png]
[www.tatapower.com/images/community_ic.png]
[www.tatapower.com/images/new/line-new.png]
[www.tatapower.com/images/arrow_green.png]
[www.tatapower.com/images/supply_bg.png]
[www.tatapower.com/images/arrow_white.png]
[www.tatapower.com/images/select-ic.png]
[www.tatapower.com/images/new/news-bg.jpg]
[www.tatapower.com/images/new/section6-bg.jpg]
[www.tatapower.com/images/vd_arrow_prev.png]
[www.tatapower.com/images/vd_arrow_next.png]
[www.tatapower.com/images/arrow_yellow.png]
[www.tatapower.com/images/arrow_withline.png]
[www.tatapower.com/images/event_prev.png]
[www.tatapower.com/images/event_next.png]
[www.tatapower.com/css/home-main.css]
[www.tatapower.com/css/animate.min.css]
[www.tatapower.com/css/slick.css]
[www.tatapower.com/images/pop-close-leader.png]
[www.tatapower.com/css/colorbox-popup.css]
[www.tatapower.com/css/jquery.mCustomScrollbar.css]
[www.tatapower.com/images/menu.png]
[www.tatapower.com/images/phone_ic.png]
[www.tatapower.com/images/mail_ic.png]
[www.tatapower.com/images/manu-arrow.png]
[www.tatapower.com/images/arrow22.png]
[www.tatapower.com/images/nav-circle.png]
[www.tatapower.com/images/nav_dash.png]
[www.tatapower.com/images/pdf-icon.png]
[www.tatapower.com/images/web-icon.png]
[www.tatapower.com/css/nav.css]
[www.tatapower.com/fonts/ITCAvantGardeStd-Bold.eot]
[www.tatapower.com/fonts/ITCAvantGardeStd-Boldd41d.eot]
[www.tatapower.com/fonts/ITCAvantGardeStd-Bold.woff]
[www.tatapower.com/fonts/ITCAvantGardeStd-Bk.eot]
[www.tatapower.com/fonts/ITCAvantGardeStd-Bkd41d.eot]
[www.tatapower.com/fonts/ITCAvantGardeStd-Bk.woff]
[www.tatapower.com/fonts/ITCAvantGardeStdXLt.woff]
[www.tatapower.com/fonts/ITCAvantGardeStd-XLt.eot]
[www.tatapower.com/fonts/ITCAvantGardeStd-XLtd41d.eot]
[www.tatapower.com/fonts/ITCAvantGardeStd-XLt.woff]
[www.tatapower.com/fonts/ITCAvantGardeStd-Md.eot]
[www.tatapower.com/fonts/ITCAvantGardeStd-Mdd41d.eot]
[www.tatapower.com/fonts/ITCAvantGardeStd-Md.woff]
[www.tatapower.com/fonts/Cheddar Jack.eot]
[www.tatapower.com/fonts/Cheddar Jackd41d.eot]
[www.tatapower.com/fonts/CheddarJack.woff]
[www.tatapower.com/images/new/arrow_n.png]
[www.tatapower.com/images/new/arrow_n2.png]
[www.tatapower.com/images/new/arrow_n3.png]
[www.tatapower.com/images/new/arrow_n4.png]
[www.tatapower.com/images/new/our-solutions-left.jpg]
[www.tatapower.com/images/new/our-solutions-left-1.jpg]
[www.tatapower.com/images/new/our-solutions-left-2.jpg]
[www.tatapower.com/images/new/our-solutions-left-3.jpg]
[www.tatapower.com/images/new/our-solutions-right.jpg]
[www.tatapower.com/images/new/int-icon1.png]
[www.tatapower.com/images/new/int-icon1-down.png]
[www.tatapower.com/images/new/int-icon3.png]
[www.tatapower.com/images/new/int-icon2.png]
[www.tatapower.com/images/new/quick-link-bg.png]
[www.tatapower.com/images/new/news-left-icon.png]
[www.tatapower.com/images/new/news-right-icon.png]
[www.tatapower.com/images/new/icon-bg.png]
[www.tatapower.com/images/new/event_prev2a.png]
[www.tatapower.com/images/new/event_prev3a.png]
[www.tatapower.com/images/new/event_prev33a.png]
[www.tatapower.com/css/tatapower-home.css]
[www.tatapower.com/images/icon-bg2.png]
[www.tatapower.com/images/our-solutions-right2.jpg]
[www.tatapower.com/images/our-solutions-left-12.jpg]
[www.tatapower.com/images/our-solutions-left-22.jpg]
[www.tatapower.com/images/our-solutions-left-32.jpg]
[www.tatapower.com/images/our-solutions-left2.jpg]
[www.tatapower.com/images/section6-bg2.jpg]
[www.tatapower.com/images/award-mark-arrow2.png]
[www.tatapower.com/images/show-hide2.png]
[www.tatapower.com/images/manu-arrow2.png]
[www.tatapower.com/css/dark-mode.css]
[www.tatapower.com/js/analytics.js]
[www.tatapower.com/css/inside.css]
[www.tatapower.com/css/sustainability.css]
[www.tatapower.com/images/sustainability-header1920.jpg]
[www.tatapower.com/images/sustainability-header1366.jpg]
[www.tatapower.com/images/sustainability-headermob800.jpg]
[www.tatapower.com/images/home-icon.png]
[www.tatapower.com/images/404.png]
[snap.licdn.com/li.lms-analytics/insight.min.js]
[www.tatapower.com/js/common.js]
[www.tatapower.com/Error.html]
[www.tatapower.com/css/corporate.css]
[www.tatapower.com/images/corporate_overview_banner_big.jpg]
[www.tatapower.com/images/corporate_overview_banner.jpg]
[www.tatapower.com/images/corporate_overview_banner_small.jpg]
[www.tatapower.com/images/visinory_bg.jpg]
[www.tatapower.com/images/reg_ic.png]
[www.tatapower.com/images/ceg_ic.png]
[www.tatapower.com/images/transmission_ic.png]
[www.tatapower.com/businesses/transmission.html]
[www.tatapower.com/images/distribution_ic.png]
[www.tatapower.com/businesses/distribution.html]
[www.tatapower.com/images/eci_ic.png]
[www.tatapower.com/businesses/next-gen-power-solutions/ev-charging-stations.html]
[www.tatapower.com/images/solar_rooftop_ic.png]
[www.tatapower.com/products-and-services/solar-rooftops.html]
[www.tatapower.com/images/manufacturing_ic.png]
[www.tatapower.com/images/elp_ic.png]
[www.tatapower.com/images/overview-icon10.png]
[www.tatapower.com/images/overview-icon11.png]
[www.tatapower.com/images/overview-icon12.png]
[www.tatapower.com/images/overview-icon13.png]
[www.tatapower.com/images/years-icon1.png]
[www.tatapower.com/images/years-icon2.png]
[www.tatapower.com/images/years-icon3.png]
[www.tatapower.com/images/years-icon4.png]
[www.tatapower.com/images/years-icon5.png]
[www.tatapower.com/images/years-icon6.png]
[www.tatapower.com/images/years-icon7.png]
[www.tatapower.com/images/years-icon8.png]
[www.tatapower.com/images/national_footprint_thumb.png]
[www.tatapower.com/corporate/worldwide/national.html]
[www.tatapower.com/images/international_footprint_thumb.png]
[www.tatapower.com/corporate/worldwide/international.html]
[www.tatapower.com/images/enviroment_thumb1.jpg]
[www.tatapower.com/images/enviroment_thumb2.jpg]
[www.tatapower.com/images/enviroment_thumb4.jpg]
[www.tatapower.com/images/enviroment_thumb3.jpg]
[www.tatapower.com/images/initiaves_community-icon1.png]
[www.tatapower.com/images/initiaves_community-icon2.png]
[www.tatapower.com/images/initiaves_community-icon3.png]
[www.tatapower.com/images/initiaves_community-icon4.png]
[www.tatapower.com/corporate/overview.html]
[www.tatapower.com/css/leadership-overview.css]
[www.tatapower.com/images/leadership-overview_banner_deskTop.jpg]
[www.tatapower.com/images/leadership-overview_banner_laptop.jpg]
[www.tatapower.com/images/leadership-overview_banner_mob.jpg]
[www.tatapower.com/corporate/leadership/board-of-directors.html]
[www.tatapower.com/images/leadership-overview-pic1.jpg]
[www.tatapower.com/corporate/leadership/key-management-personnel.html]
[www.tatapower.com/images/leadership-overview-pic2.jpg]
[www.tatapower.com/corporate/leadership/board-committees.html]
[www.tatapower.com/images/leadership-overview-pic3.jpg]
[www.tatapower.com/corporate/leadership.html]
[www.tatapower.com/images/vision-1920-372.jpg]
[www.tatapower.com/images/vision-1400-372.jpg]
[www.tatapower.com/images/vision-800-372.jpg]
[www.tatapower.com/corporate/vision-mission-values.html]
[www.tatapower.com/css/history-of-tata-power.css]
[www.tatapower.com/images/milestone_banner_deskTop.jpg]
[www.tatapower.com/images/milestone_banner_laptop.jpg]
[www.tatapower.com/images/milestone_banner_mob.jpg]
[www.tatapower.com/images/100yyears-tata.png]
[www.tatapower.com/js/history-of-tata-power.js]
[www.tatapower.com/js/slectbox.js]
[www.tatapower.com/corporate/history.html]
[www.tatapower.com/css/jquery-ui.css]
[www.tatapower.com/css/content.css]
[www.tatapower.com/images/policies-1920.jpg]
[www.tatapower.com/images/policies-1400.jpg]
[www.tatapower.com/images/policies-800.jpg]
[www.tatapower.com/pdf/aboutus/advocacy-policy.pdf]
[www.tatapower.com/pdf/aboutus/affirmative-action-policy.pdf]
[www.tatapower.com/pdf/aboutus/Sexual-harass-policy.pdf]
[www.tatapower.com/pdf/aboutus/archival-policy.pdf]
[www.tatapower.com/pdf/aboutus/ash-policy.pdf]
[www.tatapower.com/pdf/aboutus/bcp-policy.pdf]
[www.tatapower.com/pdf/aboutus/Code-of-Conduct-NEDs.pdf]
[www.tatapower.com/pdf/aboutus/code-corporate-disclosure-practices.pdf]
[www.tatapower.com/pdf/aboutus/commodity.pdf]
[www.tatapower.com/pdf/aboutus/Customer-Service-Policy.pdf]
[www.tatapower.com/pdf/aboutus/Corporate-Environment-Policy.pdf]
[www.tatapower.com/pdf/aboutus/csr-policy.pdf]
[www.tatapower.com/pdf/aboutus/corporatesustainabilitypolicy.pdf]
[www.tatapower.com/pdf/aboutus/dividend-policy.pdf]
[www.tatapower.com/pdf/aboutus/e-waste-mgmt-policy.pdf]
[www.tatapower.com/pdf/aboutus/gift-policy.pdf]
[www.tatapower.com/pdf/aboutus/health-and-safetypolicy.pdf]
[www.tatapower.com/pdf/aboutus/information-security-policy.pdf]
[www.tatapower.com/pdf/aboutus/media-policy.pdf]
[www.tatapower.com/pdf/aboutus/determining-policy.pdf]
[www.tatapower.com/pdf/aboutus/policy-for-determining-material-subsidiaries.pdf]
[www.tatapower.com/pdf/aboutus/preservation-policy-documents.pdf]
[www.tatapower.com/pdf/aboutus/quality-policy.pdf]
[www.tatapower.com/pdf/aboutus/rainwater-harvesting-policy.pdf]
[www.tatapower.com/pdf/aboutus/remuneration-policy-for-directors.pdf]
[www.tatapower.com/pdf/aboutus/RSCM-14.pdf]
[www.tatapower.com/pdf/aboutus/rpt-policy-framework-guidelines.pdf]
[www.tatapower.com/pdf/aboutus/safety-code-of-conduct.pdf]
[www.tatapower.com/pdf/aboutus/tata-power-safety-vision.pdf]
[www.tatapower.com/pdf/aboutus/Tata-Power-Volunteering-Guidelines-2019.pdf]
[www.tatapower.com/pdf/aboutus/water-stewardship-policy.pdf]
[www.tatapower.com/pdf/aboutus/whistle-blower-policy-and-vigil-mechanism.pdf]
[www.tatapower.com/pdf/aboutus/charter-of-audit-committee.pdf]
[www.tatapower.com/pdf/aboutus/charter-of-nomination-remuneration-committee.pdf]
[www.tatapower.com/pdf/aboutus/charter-of-risk-management-committee.pdf]
[www.tatapower.com/pdf/aboutus/charter-of-stakeholders-relationship-committee.pdf]
[www.tatapower.com/js/select.js]
[www.tatapower.com/corporate/policies.html]
[www.tatapower.com/js/jquery-ui.js]
[www.tatapower.com/images/constitutional-doc-1920.jpg]
[www.tatapower.com/images/constitutional-doc-1400.jpg]
[www.tatapower.com/images/constitutional-doc-800.jpg]
[www.tatapower.com/pdf/aboutus/MoA-AoA.pdf]
[www.tatapower.com/corporate/constitutional-document.html]
[www.tatapower.com/css/worldwide-presence.css]
[www.tatapower.com/images/worldwide-presence_banner_deskTop.jpg]
[www.tatapower.com/images/worldwide-presence_banner_laptop.jpg]
[www.tatapower.com/images/worldwide-presence_banner_mob.jpg]
[www.tatapower.com/images/india-map2.png]
[www.tatapower.com/images/International-map2.png]
[www.tatapower.com/corporate/worldwide.html]
[www.tatapower.com/css/tanmoy.css]
[www.tatapower.com/images/subsidiaries-1920.jpg]
[www.tatapower.com/images/subsidiaries-1400.jpg]
[www.tatapower.com/images/subsidiaries-800.jpg]
[www.tatapower.com/corporate/subsidiaries.html]
[www.tatapower.com/images/award-1920.jpg]
[www.tatapower.com/images/award-1400.jpg]
[www.tatapower.com/images/award-800.jpg]
[www.tatapower.com/images/awards-27-feb-2015.png]
[www.tatapower.com/images/awards-31-01-2015.png]
[www.tatapower.com/images/cont-part2-aards-img1.jpg]
[www.tatapower.com/images/cont-part2-aards-img2.jpg]
[www.tatapower.com/images/cont-part2-aards-img3.jpg]
[www.tatapower.com/images/cont-part3-aards-img1.jpg]
[www.tatapower.com/images/cont-part3-aards-img2.jpg]
[www.tatapower.com/images/cont-part2-2014-img.jpg]
[www.tatapower.com/images/cont-part3-2014-img.jpg]
[www.tatapower.com/images/cont-part1-2013-img.jpg]
[www.tatapower.com/images/cont-part2-2013-img.jpg]
[www.tatapower.com/images/cont-part4-2013-img1.jpg]
[www.tatapower.com/images/cont-part4-2013-img2.jpg]
[www.tatapower.com/images/cont-part5-2013-img.jpg]
[www.tatapower.com/images/awards-2010-01.jpg]
[www.tatapower.com/images/awards-2010-02.jpg]
[www.tatapower.com/images/awards-2010-03.jpg]
[www.tatapower.com/images/1_jpseb.jpg]
[www.tatapower.com/pdf/aboutus/1_outdoor-comm.pdf]
[www.tatapower.com/images/1_Invitation-letter-20006.jpg]
[www.tatapower.com/pdf/aboutus/1_ICAI-Awards-2005-2006.doc]
[www.tatapower.com/corporate/awards.html]
[www.tatapower.com/css/businesses.css]
[www.tatapower.com/css/business-overview.css]
[www.tatapower.com/images/business-overview_deskTop.jpg]
[www.tatapower.com/images/business-overview_laptop.jpg]
[www.tatapower.com/images/business-overview_mob.jpg]
[www.tatapower.com/images/business-overview-pic1.jpg]
[www.tatapower.com/images/business-overview-pic2.jpg]
[www.tatapower.com/images/business-overview-pic3.jpg]
[www.tatapower.com/images/business-overview-pic4.jpg]
[www.tatapower.com/images/business-overview-pic5.jpg]
[www.tatapower.com/images/business-overview-pic6.jpg]
[www.tatapower.com/businesses/overview.html]
[www.tatapower.com/css/renewable-energy.css]
[www.tatapower.com/images/renewable-energy_deskTop.jpg]
[www.tatapower.com/images/renewable-energy_laptop.jpg]
[www.tatapower.com/images/renewable-energy_mob.jpg]
[www.tatapower.com/businesses/renewables.html]
[www.tatapower.com/css/wind.css]
[www.tatapower.com/images/wind_deskTop.jpg]
[www.tatapower.com/images/wind_laptop.jpg]
[www.tatapower.com/images/wind_mob.jpg]
[www.tatapower.com/businesses/wind.html]
[www.tatapower.com/css/product-and-services2.css]
[www.tatapower.com/css/solar.css]
[www.tatapower.com/images/solar-header1920.jpg]
[www.tatapower.com/images/solar-header1366.jpg]
[www.tatapower.com/images/solar-headermob800.jpg]
[www.tatapower.com/images/solar-300mw-dholera.jpg]
[www.tatapower.com/images/solar-img2.jpg]
[www.tatapower.com/images/solar-img3.jpg]
[www.tatapower.com/images/solar-icon1.png]
[www.tatapower.com/images/solar-icon2.png]
[www.tatapower.com/images/solar-icon3.png]
[www.tatapower.com/images/solar-img8a.jpg]
[www.tatapower.com/images/solar-img9a.jpg]
[www.tatapower.com/images/solar-img10a.jpg]
[www.tatapower.com/images/solar-img.jpg]
[www.tatapower.com/images/solar-img1a.jpg]
[www.tatapower.com/images/solar-img2a.jpg]
[www.tatapower.com/images/solar-img12a.jpg]
[www.tatapower.com/images/solar-img11a.jpg]
[www.tatapower.com/images/solar-img3a.jpg]
[www.tatapower.com/images/solar-img4a.jpg]
[www.tatapower.com/images/solar-img5a.jpg]
[www.tatapower.com/images/solar-img6a.png]
[www.tatapower.com/images/solar-img7a.jpg]
[www.tatapower.com/images/solar ro.jpg]
[www.tatapower.com/js/tab88.js]
[www.tatapower.com/businesses/solar.html]
[www.tatapower.com/css/conventional-generation.css]
[www.tatapower.com/images/conventional-generation_deskTop.jpg]
[www.tatapower.com/images/conventional-generation_laptop.jpg]
[www.tatapower.com/images/conventional-generation_mob.jpg]
[www.tatapower.com/images/conventional-generation-pic1-desktop.jpg]
[www.tatapower.com/images/conventional-generation-pic1-mob.jpg]
[www.tatapower.com/images/conventional-generation-map.png]
[www.tatapower.com/plants-projects/thermal-generation-projects/cgpl-4150mw.html]
[www.tatapower.com/plants-projects/thermal-generation-projects/trombay-930mw.html]
[www.tatapower.com/plants-projects/thermal-generation-projects/jojobera-427-5mw.html]
[www.tatapower.com/businesses/conventional-generation/waste.html]
[www.tatapower.com/plants-projects/thermal-generation-projects/tel-unit5-jamshedpur-120mw.html]
[www.tatapower.com/businesses/conventional-generation.html]
[www.tatapower.com/css/hydro-power.css]
[www.tatapower.com/images/hydro-power_deskTop.jpg]
[www.tatapower.com/images/hydro-power_laptop.jpg]
[www.tatapower.com/images/hydro-power_mob.jpg]
[www.tatapower.com/images/hydro-power-desktop2.jpg]
[www.tatapower.com/images/hydro-power-mob2.jpg]
[www.tatapower.com/images/hydro-power-pic1.jpg]
[www.tatapower.com/images/hydro-power-pic2.jpg]
[www.tatapower.com/images/hydro-power-pic3.jpg]
[www.tatapower.com/images/hydro-power-pic4.jpg]
[www.tatapower.com/businesses/hydro.html]
[www.tatapower.com/css/thermal.css]
[www.tatapower.com/images/thermal_deskTop.jpg]
[www.tatapower.com/images/thermal_laptop.jpg]
[www.tatapower.com/images/thermal_mob.jpg]
[www.tatapower.com/images/themal-img1.jpg]
[www.tatapower.com/images/themal-img2.jpg]
[www.tatapower.com/plants-projects/thermal-generation-projects/maithon-1050mw.html]
[www.tatapower.com/images/themal-img3.jpg]
[www.tatapower.com/images/themal-img4.jpg]
[www.tatapower.com/images/themal-img5.jpg]
[www.tatapower.com/businesses/conventional-generation/thermal.html]
[www.tatapower.com/css/waste-heat-recovery.css]
[www.tatapower.com/images/whr_deskTop.jpg]
[www.tatapower.com/images/whr_laptop.jpg]
[www.tatapower.com/images/whr_mob.jpg]
[www.tatapower.com/images/whr-img1.jpg]
[www.tatapower.com/images/whr-img2.jpg]
[www.tatapower.com/businesses/waste-heat-recovery.html]
[www.tatapower.com/css/next-gen-power-solutions.css]
[www.tatapower.com/images/next-gen-power-solutions_deskTop.jpg]
[www.tatapower.com/images/next-gen-power-solutions_laptop.jpg]
[www.tatapower.com/images/next-gen-power-solutions_mob.jpg]
[www.tatapower.com/images/next-gen-power-solutions-pic1.jpg]
[www.tatapower.com/images/next-gen-power-solutions-pic2.jpg]
[www.tatapower.com/images/next-gen-power-solutions-pic3.jpg]
[www.tatapower.com/images/next-gen-power-solutions-pic4.jpg]
[www.tatapower.com/businesses/next-gen-power-solutions.html]
[www.tatapower.com/css/products.css]
[www.tatapower.com/css/ev.css]
[www.tatapower.com/css/home-ev.css]
[www.tatapower.com/images/ev-charging-station-header1920-new.jpg]
[www.tatapower.com/images/ev-charging-station-headermob800-new.jpg]
[www.tatapower.com/images/ev-banner.jpg]
[www.tatapower.com/images/ev-banner-1366.jpg]
[www.tatapower.com/images/ev-banner-600.250.delayed]
[www.tatapower.com/energy-solutions/ev-charging-solutions.html]
[www.tatapower.com/ezhome/index.html]
[www.tatapower.com/businesses/trading.html]
[www.tatapower.com/energy-solutions/value-added-services.html]
[www.tatapower.com/businesses/generation-services.html]
[www.tatapower.com/businesses/product-and-services.html]
[www.tatapower.com/regulatory/regulatory-mumbai.html]
[www.tatapower.com/regulatory/regulatory-maithon.html]
[www.tatapower.com/regulatory/regulatory-jojobera.html]
[www.tatapower.com/investor-relations/fact-sheet.html]
